../Core/Src/main.c:128:5:main	8	static
../Core/Src/main.c:220:6:SystemClock_Config	88	static
../Core/Src/main.c:278:13:MX_ETH_Init	8	static
../Core/Src/main.c:327:13:MX_USART3_UART_Init	8	static
../Core/Src/main.c:362:13:MX_USB_OTG_FS_PCD_Init	8	static
../Core/Src/main.c:397:13:MX_GPIO_Init	56	static
../Core/Src/main.c:460:6:StartTask01	64	static
../Core/Src/main.c:491:6:StartTask02	88	static
../Core/Src/main.c:524:6:StartTask03	80	static
../Core/Src/main.c:562:6:HAL_TIM_PeriodElapsedCallback	16	static
../Core/Src/main.c:580:6:Error_Handler	4	static,ignoring_inline_asm
