../Core/Src/main.c:130:5:main	32	static
../Core/Src/main.c:230:6:SystemClock_Config	88	static
../Core/Src/main.c:288:13:MX_ADC1_Init	24	static
../Core/Src/main.c:340:13:MX_ETH_Init	8	static
../Core/Src/main.c:389:13:MX_USART3_UART_Init	8	static
../Core/Src/main.c:424:13:MX_USB_OTG_FS_PCD_Init	8	static
../Core/Src/main.c:459:13:MX_GPIO_Init	56	static
../Core/Src/main.c:513:6:EXTI15_10_IRQHandler	8	static
../Core/Src/main.c:530:6:StartTaskprodutora	24	static
../Core/Src/main.c:556:6:StartTaskConsumidora	112	static
../Core/Src/main.c:590:6:HAL_TIM_PeriodElapsedCallback	16	static
../Core/Src/main.c:608:6:Error_Handler	4	static,ignoring_inline_asm
